// Jest Snapshot v1, https://goo.gl/fbAQLP

exports[`Should to call fetch API for render data Should fetch API data 1`] = `
[MockFunction] {
  "calls": [
    [
      "https://63f239144f17278c9a22d1cd.mockapi.io/api/v1/item",
      {
        "body": "some data",
        "headers": {
          "Content-Type": "application/json",
        },
        "method": "POST",
      },
    ],
    [
      "https://63f239144f17278c9a22d1cd.mockapi.io/api/v1/item",
    ],
  ],
  "results": [
    {
      "type": "return",
      "value": undefined,
    },
    {
      "type": "return",
      "value": undefined,
    },
  ],
}
`;
